node021
Wed Jun  3 01:46:06 PM EDT 2026
Design 11
[ 0.  1.  2.  3.  4.  5.  6. 10. 11. 13. 17. 18. 19. 20. 21. 22. 23. 24.
 25. 26. 27. 29. 30. 34. 35. 38. 40. 41. 42. 44.]
[33, 12, 36, 43, 32, 39, 7, 16, 31, 15, 37, 9, 8, 28, 14]

J_save: [array([7.71266594e+00, 7.60365388e+00, 7.49695326e+00, 7.39252557e+00,
       7.29099135e+00, 7.19114262e+00, 7.09102659e+00, 6.99189460e+00,
       6.89259789e+00, 6.79008116e+00, 6.68511427e+00, 6.57330490e+00,
       6.45618226e+00, 6.34058218e+00, 6.22603906e+00, 6.11261776e+00,
       6.00448589e+00, 5.90091906e+00, 8.69989042e+00, 8.44178566e+00,
       8.17920149e+00, 7.91902727e+00, 7.66048934e+00, 7.40648837e+00,
       7.15992116e+00, 6.90871440e+00, 6.67285280e+00, 6.43697785e+00,
       6.20710759e+00, 5.98029399e+00, 5.75915642e+00, 5.55503164e+00,
       5.35090500e+00, 5.15399459e+00, 4.96360743e+00, 4.78285769e+00,
       4.60885227e+00, 4.44230641e+00, 4.28577612e+00, 4.13959359e+00,
       4.00367560e+00, 3.87392788e+00, 3.74920270e+00, 3.62959504e+00,
       3.50102667e+00, 3.37255617e+00, 3.24592020e+00, 3.12540870e+00,
       3.02628513e+00, 2.89719086e+00, 2.74828554e+00, 2.61687169e+00,
       2.48961344e+00, 2.36822352e+00, 2.25225551e+00, 2.13919791e+00,
       2.03947172e+00, 1.94011991e+00, 1.84405423e+00, 1.76403335e+00,
       1.67650322e+00, 1.59408319e+00, 1.51793301e+00, 1.43951899e+00,
       1.37301068e+00, 1.29012680e+00, 1.20636045e+00, 1.11590917e+00,
       1.02569909e+00, 9.36522600e-01, 8.49355645e-01, 7.66052523e-01,
       6.90034724e-01, 6.19590011e-01, 5.54235662e-01, 5.47279021e-01,
       4.94343240e-01, 4.41793433e-01, 3.92612508e-01, 3.46318751e-01,
       3.04876320e-01, 2.66441279e-01, 2.33496602e-01, 2.04095122e-01,
       1.76188963e-01, 1.51673329e-01, 1.29123670e-01, 1.07982428e-01,
       8.99013382e-02, 7.47496189e-02, 6.24888637e-02, 4.92615566e-02,
       3.77373745e-02, 2.78893477e-02, 1.99881113e-02, 1.34365025e-02,
       8.24665895e-03, 4.48841743e-03, 1.97130733e-03, 4.85404642e-04,
       1.34158625e-10, 5.42790904e-04, 2.01227304e-03, 4.50340931e-03,
       7.71808171e-03, 1.22176235e-02, 1.75326262e-02, 2.32488449e-02,
       3.03731371e-02, 3.80020780e-02, 4.77548543e-02, 5.80202232e-02,
       6.96526361e-02, 8.16245331e-02, 9.38710842e-02, 1.07124465e-01,
       1.22435110e-01, 1.37286743e-01, 1.54528574e-01, 1.71491756e-01,
       1.90504910e-01, 2.10744387e-01, 2.31523826e-01, 2.53106256e-01,
       2.75419532e-01, 2.99849380e-01, 3.25254870e-01, 3.50376412e-01,
       3.76534558e-01, 4.01862891e-01, 4.29772752e-01, 4.60258131e-01,
       4.90624246e-01, 5.19462075e-01, 5.51488553e-01, 5.83201643e-01,
       6.17154649e-01, 6.55631018e-01, 7.16404921e-01, 7.19480125e-01,
       7.53411821e-01, 7.91062114e-01, 8.31364724e-01, 8.75229988e-01,
       9.13730985e-01, 9.57102370e-01, 9.94835975e-01, 1.04022397e+00,
       1.08779187e+00, 1.13716074e+00, 1.18970146e+00, 1.23662762e+00,
       1.28855349e+00, 1.33861374e+00, 1.39640387e+00, 1.44604570e+00,
       1.49245979e+00, 1.54542499e+00, 1.59246943e+00, 1.64818179e+00,
       1.69779152e+00, 1.73928709e+00, 1.78477770e+00, 1.83230694e+00,
       1.86828662e+00, 1.90744879e+00, 1.94420964e+00, 1.97740573e+00,
       2.01280897e+00, 2.04097171e+00, 2.05463090e+00, 2.06950882e+00,
       2.09570831e+00, 2.12292901e+00, 2.14894021e+00, 2.16307689e+00,
       2.17963670e+00, 2.20028782e+00, 2.22257030e+00, 2.24352605e+00,
       2.25857333e+00, 2.27811644e+00, 2.30044505e+00, 2.32155908e+00,
       2.34027205e+00, 2.35203411e+00, 2.36653224e+00, 2.37922557e+00,
       2.41476294e+00, 2.42858760e+00, 2.43038829e+00, 2.44274484e+00,
       2.45841484e+00, 2.47454549e+00, 2.49085615e+00, 2.50616286e+00,
       2.52235649e+00, 2.53989926e+00, 2.55525161e+00, 2.57103273e+00,
       2.58712357e+00]), array([6.06399235e-04, 5.71261308e-04, 5.39702391e-04, 5.12099907e-04,
       4.85573794e-04, 4.61976633e-04, 4.40885073e-04, 4.22459050e-04,
       4.05391006e-04, 3.90435425e-04, 3.76563842e-04, 3.63896368e-04,
       3.65098779e-04, 3.59900423e-04, 3.49124577e-04, 3.38523021e-04,
       3.29191373e-04, 3.44587353e-04, 3.37138746e-04, 3.27000733e-04,
       3.17991474e-04, 3.10927705e-04, 3.01478255e-04, 3.18305613e-04,
       3.06296374e-04, 2.97651659e-04, 2.88691487e-04, 2.83082992e-04,
       2.74300388e-04, 2.65848557e-04, 2.57971817e-04, 2.50813181e-04,
       2.44744206e-04, 2.37318811e-04, 2.31481331e-04, 2.25595167e-04,
       2.19622602e-04, 2.17960423e-04, 2.11056408e-04, 2.04492414e-04,
       1.99102891e-04, 1.92532720e-04, 1.90764107e-04, 1.84199344e-04,
       1.77595920e-04, 1.72420862e-04, 1.67105843e-04, 1.67071675e-04,
       1.59976289e-04, 1.55153792e-04, 1.49105608e-04, 1.48908946e-04,
       1.42198640e-04, 1.35041945e-04, 1.28699482e-04, 1.23061682e-04,
       1.17379315e-04, 1.15502585e-04, 1.11468658e-04, 1.07021701e-04,
       1.01252910e-04, 9.74160091e-05, 9.18067199e-05, 8.72340913e-05,
       8.26997127e-05, 7.76453662e-05, 7.33015991e-05, 6.90562452e-05,
       6.51756802e-05, 6.16229562e-05, 5.79428969e-05, 5.55096141e-05,
       5.16972885e-05, 4.79658175e-05, 4.46623215e-05, 4.13157273e-05,
       3.80788403e-05, 3.52344281e-05, 3.22845764e-05, 2.96022951e-05,
       2.69498633e-05, 2.44175140e-05, 2.20984592e-05, 1.97870746e-05,
       1.77701041e-05, 1.54626512e-05, 1.35432201e-05, 1.16893802e-05,
       9.99092157e-06, 8.43171827e-06, 7.02335219e-06, 5.68586884e-06,
       4.50034365e-06, 3.44208637e-06, 2.53757392e-06, 1.76466023e-06,
       1.13554584e-06, 6.41822906e-07, 2.92372799e-07, 7.47269181e-08,
       7.48478328e-11, 8.47807841e-08, 3.16653606e-07, 8.02207239e-07,
       1.29275030e-06, 2.18770194e-06, 3.12063138e-06, 4.31918914e-06,
       5.93698737e-06, 8.05719396e-06, 9.69349236e-06, 1.20240019e-05,
       1.44341665e-05, 1.62959024e-05, 1.50523731e-05, 1.47128335e-05,
       1.75584373e-05, 2.16613034e-05, 2.64599195e-05, 3.29007966e-05,
       4.13920150e-05, 5.14482843e-05, 6.06716406e-05, 7.01254022e-05,
       8.44378842e-05, 1.00649689e-04, 1.20549678e-04, 1.42271673e-04,
       1.60390608e-04, 1.81003168e-04, 2.10016027e-04, 2.43457615e-04,
       2.83124862e-04, 3.26329190e-04, 3.72252746e-04, 4.26608506e-04,
       4.84170536e-04, 5.27365860e-04, 5.91243401e-04, 6.60393501e-04,
       7.38515879e-04, 8.24272787e-04, 9.16468096e-04, 1.01240398e-03,
       1.11935712e-03, 1.23394035e-03, 1.35631647e-03, 1.48696065e-03,
       1.62529171e-03, 1.77299561e-03, 1.92913489e-03, 2.09349559e-03,
       2.26792598e-03, 2.45071170e-03, 2.64182662e-03, 2.84442421e-03,
       3.05593412e-03, 3.27685140e-03, 3.50813296e-03, 3.75042916e-03,
       4.00101505e-03, 4.26363496e-03, 4.53639989e-03, 4.82053616e-03,
       5.11685839e-03, 5.41929465e-03, 5.73539851e-03, 6.06382089e-03,
       6.39783887e-03, 6.74388287e-03, 7.10259345e-03, 7.47265484e-03,
       7.85189080e-03, 8.24530477e-03, 8.64556089e-03, 9.07129634e-03,
       9.48830086e-03, 9.90923948e-03, 1.03761223e-02, 1.08125997e-02,
       1.13027283e-02, 1.18483880e-02, 1.23599915e-02, 1.28721093e-02,
       1.35458591e-02, 1.41088367e-02, 1.46144552e-02, 1.54271150e-02,
       1.62989944e-02, 1.72749106e-02, 1.83066379e-02, 1.91294688e-02,
       2.03290202e-02, 2.16314892e-02, 2.30879367e-02, 2.46060371e-02,
       2.61460370e-02, 2.78755104e-02, 2.96931642e-02, 3.16457117e-02,
       3.36869494e-02]), array([7.26259710e+00, 7.15316173e+00, 7.02922344e+00, 6.90773540e+00,
       6.78989409e+00, 6.68653547e+00, 6.56805917e+00, 6.44322801e+00,
       6.31255273e+00, 6.19072087e+00, 6.08311058e+00, 5.94894571e+00,
       5.82325613e+00, 5.69442522e+00, 5.53175870e+00, 5.36552755e+00,
       5.21132047e+00, 5.06873748e+00, 4.89997295e+00, 4.71599757e+00,
       4.55006635e+00, 4.37879764e+00, 4.21966534e+00, 4.09476775e+00,
       3.93033148e+00, 3.77409748e+00, 3.63425870e+00, 3.49379419e+00,
       3.35858096e+00, 3.21876961e+00, 3.08954674e+00, 2.96701198e+00,
       2.85498032e+00, 2.73535252e+00, 2.62673081e+00, 2.54180204e+00,
       2.43951588e+00, 2.34624438e+00, 2.26281256e+00, 2.17558380e+00,
       2.08724076e+00, 2.00939323e+00, 1.93337244e+00, 1.86291906e+00,
       1.78266870e+00, 1.70927826e+00, 1.63584512e+00, 1.56344860e+00,
       1.49652306e+00, 1.43709126e+00, 1.37522790e+00, 1.31513921e+00,
       1.25531135e+00, 1.19636432e+00, 1.14238655e+00, 1.08699140e+00,
       1.03209878e+00, 9.80338512e-01, 9.30538172e-01, 8.83409841e-01,
       8.36160713e-01, 7.91105803e-01, 7.47681703e-01, 7.04784418e-01,
       6.62012603e-01, 6.22018733e-01, 5.83953143e-01, 5.47225435e-01,
       5.11133267e-01, 4.77810993e-01, 4.44313547e-01, 4.12516450e-01,
       3.81628357e-01, 3.52181194e-01, 3.24292655e-01, 2.97797953e-01,
       2.72421712e-01, 2.48109483e-01, 2.24718967e-01, 2.03699594e-01,
       1.83036137e-01, 1.63765799e-01, 1.45924267e-01, 1.28963473e-01,
       1.13260467e-01, 9.85199060e-02, 8.50467040e-02, 7.30341072e-02,
       6.15396147e-02, 5.12168837e-02, 4.20243518e-02, 3.36490003e-02,
       2.62993149e-02, 1.99774288e-02, 1.45601362e-02, 9.99075181e-03,
       6.42420890e-03, 3.61903146e-03, 1.55366729e-03, 4.01147539e-04,
       7.91458631e-11, 4.15739209e-04, 1.60182263e-03, 3.65611099e-03,
       6.60346048e-03, 1.03238390e-02, 1.48003305e-02, 2.02349037e-02,
       2.67500573e-02, 3.39329914e-02, 4.22818485e-02, 5.15609280e-02,
       6.18235457e-02, 7.29186699e-02, 8.52336236e-02, 9.84672039e-02,
       1.13416094e-01, 1.29419116e-01, 1.46528258e-01, 1.64769151e-01,
       1.84579629e-01, 2.05154973e-01, 2.27936750e-01, 2.54233275e-01,
       2.85073615e-01, 3.20165924e-01, 3.59345552e-01, 4.03119286e-01,
       4.50976493e-01, 5.02967881e-01, 5.21826061e-01, 5.83626278e-01,
       6.52751048e-01, 7.28338149e-01, 8.10421293e-01, 8.99397170e-01,
       9.94369917e-01, 1.09619530e+00, 1.20427915e+00, 1.31871249e+00,
       1.43960332e+00, 1.56726148e+00, 1.70292681e+00, 1.84494633e+00,
       1.99556574e+00, 2.15397255e+00, 2.32122582e+00, 2.48653481e+00,
       2.66832560e+00, 2.84996150e+00, 3.04732127e+00, 3.24816303e+00,
       3.46138034e+00, 3.67896934e+00, 3.90207901e+00, 4.13678959e+00,
       4.37714425e+00, 4.61942663e+00, 4.87151435e+00, 5.12963653e+00,
       5.39311294e+00, 5.66073501e+00, 5.93199973e+00, 6.20191092e+00,
       6.47806993e+00, 6.74457959e+00, 7.02310118e+00, 7.30592924e+00,
       7.59422638e+00, 7.87816845e+00, 8.16978228e+00, 8.46645374e+00,
       8.76145512e+00, 9.05746846e+00, 9.36232218e+00, 9.67429875e+00,
       9.99450470e+00, 1.03134114e+01, 1.06329456e+01, 1.09578553e+01,
       1.12902021e+01, 1.16118627e+01, 1.19491475e+01, 1.22915574e+01,
       1.26387258e+01, 1.29889720e+01, 1.33446597e+01, 1.37041712e+01,
       1.40680631e+01, 1.44362364e+01, 1.48084120e+01, 1.51874353e+01,
       1.55650299e+01, 1.59479708e+01, 1.63352995e+01, 1.67236237e+01,
       1.71144426e+01, 1.75104725e+01, 1.79064186e+01, 1.83058374e+01,
       1.87084477e+01]), array([8.16715295e+00, 8.16715519e+00, 8.16715517e+00, 8.16715384e+00,
       8.16715404e+00, 8.16715399e+00, 8.16715287e+00, 8.16715451e+00,
       8.16715441e+00, 8.16715466e+00, 8.16715324e+00, 8.16715368e+00,
       8.16715679e+00, 8.16715374e+00, 8.16715441e+00, 8.16715479e+00,
       8.16715411e+00, 8.16715670e+00, 8.16715433e+00, 8.16715269e+00,
       8.16715429e+00, 8.16715850e+00, 8.16715877e+00, 8.16716188e+00,
       8.16716356e+00, 8.16716350e+00, 8.16716313e+00, 8.16716663e+00,
       8.16716532e+00, 8.16716599e+00, 8.16716450e+00, 8.16716587e+00,
       8.16716695e+00, 8.16716779e+00, 8.16716803e+00, 8.16716725e+00,
       8.16716549e+00, 8.16716602e+00, 8.16716602e+00, 8.16716603e+00,
       8.16716625e+00, 8.16716769e+00, 8.16716764e+00, 8.16716650e+00,
       8.16716561e+00, 8.16716535e+00, 8.16716534e+00, 8.16717575e+00,
       8.16717758e+00, 8.16717754e+00, 8.16717512e+00, 8.16717511e+00,
       8.16717354e+00, 8.16717616e+00, 8.16717681e+00, 8.16717445e+00,
       8.16717690e+00, 8.16717409e+00, 8.16717549e+00, 8.16717203e+00,
       8.16717564e+00, 8.16718099e+00, 8.16717918e+00, 8.16717918e+00,
       8.16718543e+00, 8.16718287e+00, 8.16718980e+00, 8.16900332e+00,
       8.16900344e+00, 8.16908780e+00, 8.16909194e+00, 8.16909304e+00,
       8.16909188e+00, 8.16909245e+00, 8.16909245e+00, 8.16910557e+00,
       8.16910845e+00, 8.16910903e+00, 8.16912831e+00, 8.16912595e+00,
       8.16912934e+00, 8.16916539e+00, 8.17001055e+00, 8.17004856e+00,
       8.17019548e+00, 8.17022709e+00, 8.17023185e+00, 8.17022861e+00,
       8.17027933e+00, 8.17031931e+00, 8.17057947e+00, 8.17227558e+00,
       8.17218472e+00, 8.17208853e+00, 8.17207198e+00, 8.17256117e+00,
       8.17261635e+00, 8.17268838e+00, 8.17646254e+00, 8.17779825e+00,
       8.17804596e+00, 8.17688160e+00, 8.17492469e+00, 8.17492617e+00,
       8.17491881e+00, 8.17475251e+00, 8.17464163e+00, 8.17457161e+00,
       8.17445607e+00, 8.17197254e+00, 8.16988447e+00, 8.15614089e+00,
       8.13848085e+00, 8.04023112e+00, 7.93291701e+00, 6.77520811e-01,
       4.14230741e-01, 2.34778819e-01, 1.39861488e-01, 7.87082119e-02,
       3.78194295e-02, 1.27239248e-02, 1.31435759e-03, 2.60849240e-03,
       1.54690087e-02, 3.95487133e-02, 7.32796806e-02, 1.15100503e-01,
       1.66536632e-01, 2.25483049e-01, 2.90982018e-01, 3.61521574e-01,
       4.39241560e-01, 5.17790691e-01, 6.03600323e-01, 6.91829467e-01,
       7.83996317e-01, 8.77807871e-01, 9.74942533e-01, 1.07437308e+00,
       1.17691889e+00, 1.27371407e+00, 1.37350153e+00, 1.47592860e+00,
       1.56941148e+00, 1.67282987e+00, 1.77504468e+00, 1.87574228e+00,
       1.97639445e+00, 2.07849630e+00, 2.18827717e+00, 2.28582980e+00,
       2.38734925e+00, 2.48473865e+00, 2.57930556e+00, 2.67344459e+00,
       2.77205399e+00, 2.86713643e+00, 2.97245152e+00, 3.07117948e+00,
       3.15820077e+00, 3.24142676e+00, 3.31885888e+00, 3.41190513e+00,
       3.48941322e+00, 3.57868027e+00, 3.65727607e+00, 3.74109878e+00,
       3.81303873e+00, 3.89178417e+00, 3.96663277e+00, 4.03668010e+00,
       4.11386576e+00, 4.17423924e+00, 4.24400627e+00, 4.30575953e+00,
       4.36645267e+00, 4.43055792e+00, 4.49234926e+00, 4.57294582e+00,
       4.72921301e+00, 5.06803268e+00, 5.61230650e+00, 6.28636886e+00,
       7.13792719e+00, 8.09608198e+00, 9.05696865e+00, 1.01331790e+01,
       1.12876124e+01, 1.24968465e+01, 1.37127928e+01, 1.49028329e+01,
       1.53372321e+01, 1.48736219e+01, 1.51673826e+01, 1.54260992e+01,
       1.55942531e+01, 1.10612253e+01, 1.11270257e+01, 1.12397048e+01,
       1.13532073e+01]), array([2.27662024e-01, 2.28831451e-01, 2.24225471e-01, 2.24776313e-01,
       2.23862380e-01, 2.11642555e-01, 2.30061591e-01, 2.14017627e-01,
       2.04813989e-01, 1.90638620e-01, 1.87566295e-01, 1.82926229e-01,
       1.76023762e-01, 1.72613033e-01, 1.70271877e-01, 1.64451834e-01,
       1.61218561e-01, 1.63401383e-01, 1.57453263e-01, 1.54003294e-01,
       1.50991975e-01, 1.55974753e-01, 1.43346907e-01, 1.43534380e-01,
       1.38538063e-01, 1.33178023e-01, 1.29146403e-01, 1.25769005e-01,
       1.25041256e-01, 1.31475844e-01, 1.19340549e-01, 1.15187348e-01,
       1.15089599e-01, 1.11323267e-01, 1.07831854e-01, 1.07309104e-01,
       1.05555156e-01, 9.85555883e-02, 9.68070527e-02, 9.34322132e-02,
       9.15195888e-02, 8.85158983e-02, 8.58344066e-02, 8.30988615e-02,
       8.23169729e-02, 8.07702172e-02, 7.65518774e-02, 7.40382514e-02,
       7.24064444e-02, 6.99592420e-02, 6.76300398e-02, 6.44239653e-02,
       6.26624398e-02, 6.02930517e-02, 5.74764013e-02, 5.49783396e-02,
       5.30198049e-02, 5.12659545e-02, 4.90381175e-02, 4.69676030e-02,
       4.48362829e-02, 4.30050653e-02, 4.11603524e-02, 3.99179211e-02,
       3.78074112e-02, 3.57519771e-02, 3.37633880e-02, 3.19972653e-02,
       3.02225586e-02, 2.87712605e-02, 2.69474880e-02, 2.56643027e-02,
       2.41141056e-02, 2.23792336e-02, 2.08777553e-02, 1.95141834e-02,
       1.82042688e-02, 1.67315822e-02, 1.52851771e-02, 1.39111070e-02,
       1.26589082e-02, 1.14510356e-02, 1.03328213e-02, 9.42784715e-03,
       8.35678597e-03, 7.35826532e-03, 6.42637662e-03, 5.53762457e-03,
       4.74976094e-03, 3.96845049e-03, 3.26897073e-03, 2.65226945e-03,
       2.08155697e-03, 1.57872823e-03, 1.17012673e-03, 7.93951504e-04,
       5.23373163e-04, 2.88815803e-04, 1.25968875e-04, 3.18541175e-05,
       1.10144835e-10, 3.66099340e-05, 1.28638128e-04, 2.76485608e-04,
       4.90301461e-04, 7.76056395e-04, 1.09422571e-03, 1.48262468e-03,
       1.97135822e-03, 2.48277629e-03, 3.09503355e-03, 3.80151774e-03,
       4.47928047e-03, 4.98589497e-03, 5.61343417e-03, 6.41022299e-03,
       7.24854288e-03, 7.16670364e-03, 7.72666817e-03, 8.10474886e-03,
       8.71827752e-03, 8.91193474e-03, 8.85091378e-03, 8.53177332e-03,
       8.73652740e-03, 8.84329968e-03, 9.08848324e-03, 9.34028358e-03,
       9.51536938e-03, 9.70623512e-03, 9.89560205e-03, 1.00628698e-02,
       1.02742444e-02, 1.03911683e-02, 1.05453601e-02, 1.06865094e-02,
       1.08346242e-02, 1.09715603e-02, 1.10900980e-02, 1.12013784e-02,
       1.13212462e-02, 1.14299950e-02, 1.15430007e-02, 1.16624349e-02,
       1.17525497e-02, 1.18553896e-02, 1.19432645e-02, 1.20041883e-02,
       1.20762601e-02, 1.21806709e-02, 1.22872226e-02, 1.25162076e-02,
       1.28287900e-02, 1.32016704e-02, 1.36644560e-02, 1.42037944e-02,
       1.48389735e-02, 1.55437833e-02, 1.63208548e-02, 1.72137501e-02,
       1.81850367e-02, 1.92918824e-02, 2.04362734e-02, 2.16863523e-02,
       2.30518653e-02, 2.45102487e-02, 2.60894129e-02, 2.77499897e-02,
       2.95226901e-02, 3.13694001e-02, 3.32736801e-02, 3.53638052e-02,
       3.75628203e-02, 3.98973538e-02, 4.23729053e-02, 4.48992441e-02,
       4.75538011e-02, 5.03760786e-02, 5.33421872e-02, 5.59445385e-02,
       5.89052274e-02, 6.14552831e-02, 6.48451332e-02, 6.85520306e-02,
       7.21216390e-02, 7.55366882e-02, 7.94743629e-02, 8.36010239e-02,
       8.76430525e-02, 9.19695987e-02, 9.64181581e-02, 1.00107992e-01,
       1.04479416e-01, 1.08831760e-01, 1.12203425e-01, 1.14905443e-01,
       1.19841587e-01, 1.23291383e-01, 1.27992951e-01, 1.34308293e-01,
       1.40237933e-01]), array([1.73495567e+01, 1.73413802e+01, 1.73320296e+01, 1.73221891e+01,
       1.73093698e+01, 1.72940550e+01, 1.72775010e+01, 1.72569830e+01,
       1.72353540e+01, 1.72100452e+01, 1.71820363e+01, 1.71476520e+01,
       1.71087285e+01, 1.70784215e+01, 1.70289833e+01, 1.69700382e+01,
       1.69056310e+01, 1.68328571e+01, 1.67467085e+01, 1.66553537e+01,
       1.65427787e+01, 1.64255336e+01, 1.62895986e+01, 1.61330950e+01,
       1.59565872e+01, 1.57547847e+01, 1.55402534e+01, 1.52794333e+01,
       1.49999517e+01, 1.46793210e+01, 1.43304644e+01, 1.39219994e+01,
       1.35047965e+01, 1.30632740e+01, 1.25928433e+01, 1.22613697e+01,
       1.16461405e+01, 1.12108328e+01, 1.04696010e+01, 9.93839905e+00,
       9.33822639e+00, 8.98017932e+00, 8.91113580e+00, 8.71359663e+00,
       8.58292394e+00, 8.44913014e+00, 8.31443886e+00, 8.19695074e+00,
       8.08501257e+00, 7.97837322e+00, 7.86524794e+00, 7.74584797e+00,
       7.64017915e+00, 7.52473196e+00, 7.40536693e+00, 7.28477095e+00,
       7.16047414e+00, 7.16499087e+00, 6.97659918e+00, 6.82137340e+00,
       6.69562248e+00, 6.59400667e+00, 6.43984039e+00, 6.29526536e+00,
       6.15283407e+00, 6.01189483e+00, 5.88286289e+00, 5.73685743e+00,
       5.59359591e+00, 5.44558758e+00, 5.30169337e+00, 5.15875343e+00,
       5.00526927e+00, 4.85143593e+00, 4.70412008e+00, 4.55463114e+00,
       4.39700618e+00, 4.24402595e+00, 4.09464961e+00, 3.93068443e+00,
       3.77715242e+00, 3.61624591e+00, 3.46349797e+00, 3.30311133e+00,
       3.14105695e+00, 2.98684056e+00, 2.82773028e+00, 2.67332909e+00,
       2.52006816e+00, 2.37009904e+00, 2.21802772e+00, 2.07086356e+00,
       1.92728665e+00, 1.79463012e+00, 1.65670129e+00, 1.51928773e+00,
       1.38449791e+00, 1.25307913e+00, 1.13082771e+00, 1.00505693e+00,
       8.89202635e-01, 7.72514770e-01, 6.59933139e-01, 5.57151035e-01,
       4.66523871e-01, 3.87305810e-01, 3.20356821e-01, 2.63863587e-01,
       2.15538725e-01, 1.78139219e-01, 1.45712821e-01, 1.17993845e-01,
       9.30704628e-02, 7.07884475e-02, 5.14098746e-02, 3.50481006e-02,
       2.16245196e-02, 1.15520942e-02, 4.49830850e-03, 6.64918931e-04,
       2.34675976e-04, 3.02684590e-03, 9.04527294e-03, 1.83360990e-02,
       3.08785396e-02, 4.67034243e-02, 6.46369855e-02, 8.62166859e-02,
       1.10824211e-01, 1.38344121e-01, 1.68908656e-01, 2.01097034e-01,
       2.36232885e-01, 2.72981013e-01, 3.12010536e-01, 3.53854194e-01,
       3.97991260e-01, 4.43216932e-01, 4.92121574e-01, 5.41378598e-01,
       5.93596378e-01, 6.49059536e-01, 7.04158508e-01, 7.62469920e-01,
       8.20513021e-01, 8.76507440e-01, 9.34537461e-01, 9.96420582e-01,
       1.05815552e+00, 1.11690699e+00, 1.18274188e+00, 1.24784414e+00,
       1.31524530e+00, 1.37528093e+00, 1.44468596e+00, 1.51598396e+00,
       1.58816825e+00, 1.66006108e+00, 1.73508084e+00, 1.80355686e+00,
       1.86923254e+00, 1.94209052e+00, 2.01123924e+00, 2.08937286e+00,
       2.16511459e+00, 2.23162490e+00, 2.30807706e+00, 2.38298046e+00,
       2.45493008e+00, 2.53241589e+00, 2.60520994e+00, 2.67893973e+00,
       2.75416586e+00, 2.82750557e+00, 2.90315041e+00, 2.98189990e+00,
       3.06246052e+00, 3.13127777e+00, 3.20160714e+00, 3.28101754e+00,
       3.35091992e+00, 3.41618450e+00, 3.48064041e+00, 3.54457310e+00,
       3.61049206e+00, 3.68218236e+00, 3.74365608e+00, 3.80677379e+00,
       3.87083908e+00, 3.93124801e+00, 3.99102254e+00, 4.05326068e+00,
       4.10895605e+00, 4.16589937e+00, 4.22263965e+00, 4.27640195e+00,
       4.33412660e+00, 4.39094042e+00, 4.44278214e+00, 4.50074066e+00,
       4.54932212e+00]), array([1.87858759e-02, 1.87885508e-02, 1.87886752e-02, 1.87888073e-02,
       1.87888088e-02, 1.87891869e-02, 1.87888932e-02, 1.87884470e-02,
       1.87880901e-02, 1.87884549e-02, 1.87875685e-02, 1.87871843e-02,
       1.87864318e-02, 1.87867643e-02, 1.87865908e-02, 1.87861767e-02,
       1.87849079e-02, 1.87851407e-02, 1.87837750e-02, 1.87826058e-02,
       1.87816630e-02, 1.87816554e-02, 1.87811306e-02, 1.87796185e-02,
       1.87880393e-02, 1.87873909e-02, 1.87886359e-02, 1.87865472e-02,
       1.88045350e-02, 1.88013092e-02, 1.87984315e-02, 1.87962532e-02,
       1.87919102e-02, 1.87872826e-02, 1.87832180e-02, 1.87785182e-02,
       1.87724826e-02, 1.87656368e-02, 1.87577099e-02, 1.87496994e-02,
       1.87391044e-02, 1.87320711e-02, 1.87199292e-02, 1.87107024e-02,
       1.86964312e-02, 1.86809807e-02, 1.86635714e-02, 1.86437729e-02,
       1.86185358e-02, 1.86012102e-02, 1.85756468e-02, 1.85593844e-02,
       1.85181673e-02, 1.84846320e-02, 1.84485031e-02, 1.84161665e-02,
       1.83894336e-02, 1.83478157e-02, 1.82842419e-02, 1.82058291e-02,
       1.81359416e-02, 1.80557678e-02, 1.79792509e-02, 1.78949556e-02,
       1.77818173e-02, 1.77004062e-02, 1.75799506e-02, 1.74483049e-02,
       1.72929337e-02, 1.71409557e-02, 1.69636112e-02, 1.68282063e-02,
       1.66118030e-02, 1.63759476e-02, 1.61141782e-02, 1.58321403e-02,
       1.55198298e-02, 1.51818071e-02, 1.48144322e-02, 1.44124117e-02,
       1.39837982e-02, 1.35101364e-02, 1.30409046e-02, 1.24695829e-02,
       1.18624047e-02, 1.12238815e-02, 1.05474006e-02, 9.77891068e-03,
       8.98283840e-03, 8.16312913e-03, 7.27770742e-03, 6.35024492e-03,
       5.41755840e-03, 4.47488571e-03, 3.53680962e-03, 2.64309894e-03,
       1.84719208e-03, 1.21940925e-03, 6.02927480e-04, 1.89041126e-04,
       6.61218893e-11, 2.15891201e-04, 9.62107480e-04, 2.44671672e-03,
       4.87063732e-03, 8.45552518e-03, 1.34916573e-02, 2.06240347e-02,
       3.24356932e-02, 5.06762921e-02, 7.78770348e-02, 1.16890029e-01,
       1.68969924e-01, 2.36039736e-01, 3.16827816e-01, 4.05758354e-01,
       5.00271550e-01, 5.73702595e-01, 6.72188092e-01, 8.06313929e-01,
       9.56923817e-01, 1.13706072e+00, 1.30303818e+00, 1.48939575e+00,
       1.69208547e+00, 1.87956469e+00, 2.10675873e+00, 2.34002574e+00,
       2.56083781e+00, 2.79275075e+00, 3.02292031e+00, 3.25542560e+00,
       3.50982423e+00, 3.76539508e+00, 4.03341799e+00, 4.32052993e+00,
       4.63814786e+00, 4.95324967e+00, 5.31571374e+00, 5.65900846e+00,
       5.83335299e+00, 6.10415321e+00, 6.46720778e+00, 6.84518447e+00,
       7.26637796e+00, 7.71308417e+00, 8.19032709e+00, 8.67841682e+00,
       9.19341383e+00, 9.76112547e+00, 1.03378472e+01, 1.09331729e+01,
       1.15932964e+01, 1.24982400e+01, 1.37396002e+01, 1.41683466e+01,
       1.53914316e+01, 1.71036373e+01, 1.73813283e+01, 1.88840032e+01,
       2.10212259e+01, 2.04670842e+01, 2.22154047e+01, 2.47745739e+01,
       2.60997241e+01, 2.93886234e+01, 2.96396050e+01, 3.22350065e+01,
       3.57089175e+01, 3.42833087e+01, 3.71520233e+01, 4.14615124e+01,
       4.69050691e+01, 4.85256755e+01, 2.26849017e+01, 2.53208921e+01,
       3.08933656e+01, 2.04916222e+01, 1.92583555e+01, 1.85785049e+01,
       1.78379155e+01, 1.48590121e+01, 1.34608195e+01, 1.33246848e+01,
       1.34330807e+01, 1.35888861e+01, 1.32893726e+01, 1.33753707e+01,
       1.33710187e+01, 1.34908029e+01, 1.36088356e+01, 1.36473158e+01,
       1.31282043e+01, 1.33022954e+01, 1.35636923e+01, 1.39596962e+01,
       1.44806251e+01, 1.44595477e+01, 1.54474994e+01, 1.67100749e+01,
       1.47645182e+01]), array([4.05089112e-02, 3.98012615e-02, 3.85270830e-02, 3.76286912e-02,
       3.66992554e-02, 3.58540516e-02, 3.48702746e-02, 3.44351645e-02,
       3.34913797e-02, 3.25855458e-02, 3.21016168e-02, 3.12438290e-02,
       3.01774974e-02, 2.93672625e-02, 2.87578649e-02, 2.84866383e-02,
       2.86970789e-02, 2.81527973e-02, 4.00624576e-02, 4.67582780e-02,
       4.58945411e-02, 4.53277370e-02, 4.48875253e-02, 4.37816297e-02,
       4.26578621e-02, 4.21456167e-02, 4.11193641e-02, 3.99092950e-02,
       3.86324400e-02, 3.73100568e-02, 3.60498583e-02, 3.47321395e-02,
       3.34517879e-02, 3.21623343e-02, 3.10958191e-02, 2.99275740e-02,
       2.86999014e-02, 2.75540377e-02, 2.64008589e-02, 2.52906034e-02,
       2.41706486e-02, 2.30894642e-02, 2.20317062e-02, 2.10051589e-02,
       2.00192624e-02, 1.90347047e-02, 1.80797378e-02, 1.71660927e-02,
       1.62698133e-02, 1.54083796e-02, 1.45658867e-02, 1.37475582e-02,
       1.29632679e-02, 1.22085420e-02, 1.14806987e-02, 1.07964023e-02,
       1.01024102e-02, 9.51983240e-03, 8.89819854e-03, 8.28887834e-03,
       7.72654407e-03, 7.16210763e-03, 6.59959837e-03, 6.09405111e-03,
       5.60252167e-03, 5.11665490e-03, 4.66398989e-03, 4.25289665e-03,
       3.85225726e-03, 3.46148457e-03, 3.09717086e-03, 2.76260071e-03,
       2.45940230e-03, 2.15451685e-03, 1.88370291e-03, 1.63253717e-03,
       1.40509155e-03, 1.18613283e-03, 1.00518204e-03, 8.33010747e-04,
       6.77296596e-04, 5.52527526e-04, 4.39832967e-04, 3.34370579e-04,
       2.48466569e-04, 1.88103841e-04, 1.34449702e-04, 9.60594720e-05,
       6.73006060e-05, 5.00126064e-05, 3.59936420e-05, 2.61157571e-05,
       1.89253783e-05, 1.34835402e-05, 9.19411723e-06, 5.98172637e-06,
       3.63679705e-06, 1.95713533e-06, 8.47684528e-07, 2.40571429e-07,
       1.04635651e-10, 2.01617056e-07, 8.00709045e-07, 1.99480605e-06,
       3.69520536e-06, 5.25449991e-06, 6.59797887e-06, 7.84876921e-06,
       1.01197086e-05, 1.42025657e-05, 1.83728687e-05, 2.47709551e-05,
       3.19136540e-05, 3.57266034e-05, 4.47763689e-05, 5.44332161e-05,
       6.40124766e-05, 6.02327564e-05, 6.29578296e-05, 7.06724223e-05,
       8.62678177e-05, 9.65602914e-05, 1.16074898e-04, 1.39112897e-04,
       1.65487556e-04, 1.94440525e-04, 2.27514179e-04, 2.63379432e-04,
       3.03705119e-04, 3.44363565e-04, 3.89110956e-04, 4.39992686e-04,
       4.96354789e-04, 5.56804799e-04, 6.14224031e-04, 6.84539499e-04,
       7.54021451e-04, 8.31932353e-04, 9.16018858e-04, 1.00646111e-03,
       1.09563902e-03, 1.19335094e-03, 1.29554325e-03, 1.40667306e-03,
       1.52232469e-03, 1.64132428e-03, 1.76017307e-03, 1.85193065e-03,
       2.01043607e-03, 2.14490691e-03, 2.28476669e-03, 2.43352958e-03,
       2.59805773e-03, 2.77138329e-03, 2.95890552e-03, 3.14994741e-03,
       3.34167634e-03, 3.56303927e-03, 3.70945538e-03, 3.92791878e-03,
       4.17588500e-03, 4.39882497e-03, 4.65044539e-03, 4.82103885e-03,
       5.07944988e-03, 5.36064809e-03, 5.60294892e-03, 5.88157134e-03,
       6.12422234e-03, 6.41972779e-03, 6.77116073e-03, 7.00181503e-03,
       7.30185232e-03, 7.76149848e-03, 7.94510027e-03, 8.34146941e-03,
       8.77384480e-03, 9.19025828e-03, 9.66342762e-03, 1.01742301e-02,
       1.02579484e-02, 1.06827284e-02, 1.11050952e-02, 1.14718561e-02,
       1.19067325e-02, 1.21294064e-02, 1.26564759e-02, 1.30583147e-02,
       1.35008378e-02, 1.38869860e-02, 1.43262612e-02, 1.49147340e-02,
       1.55352567e-02, 1.60184934e-02, 1.68107838e-02, 1.76197097e-02,
       1.79284588e-02, 1.87163521e-02, 1.95313776e-02, 2.00910287e-02,
       2.07084383e-02]), array([2.63229269e+00, 2.62182941e+00, 2.61120426e+00, 2.60177657e+00,
       2.59046643e+00, 2.57907110e+00, 2.56726217e+00, 2.55512123e+00,
       2.54266985e+00, 2.53004708e+00, 2.51711576e+00, 2.50517840e+00,
       2.49187264e+00, 2.47765147e+00, 2.46287743e+00, 2.44862153e+00,
       2.43357439e+00, 2.41813734e+00, 2.40270272e+00, 2.38664769e+00,
       2.37053606e+00, 2.35383564e+00, 2.33725773e+00, 2.32035861e+00,
       2.30211812e+00, 2.28366726e+00, 2.26533262e+00, 2.24644952e+00,
       2.22681742e+00, 2.20748955e+00, 2.18677482e+00, 2.16655690e+00,
       2.14573338e+00, 2.12286797e+00, 2.10061432e+00, 2.07794652e+00,
       2.05305934e+00, 2.02920461e+00, 2.00356918e+00, 1.97779219e+00,
       1.95138549e+00, 1.92614672e+00, 1.89768750e+00, 1.86927112e+00,
       1.83974041e+00, 1.80990431e+00, 1.77962134e+00, 1.74884469e+00,
       1.71648964e+00, 1.68371539e+00, 1.64956928e+00, 1.61522501e+00,
       1.58023085e+00, 1.54610622e+00, 1.50804663e+00, 1.47163465e+00,
       1.43254486e+00, 1.39313526e+00, 1.35308489e+00, 1.31292157e+00,
       1.27335710e+00, 1.23238492e+00, 1.18791818e+00, 1.14331308e+00,
       1.10197036e+00, 1.05459986e+00, 1.00897838e+00, 9.62848475e-01,
       9.15361210e-01, 8.68608787e-01, 8.21005963e-01, 7.74219618e-01,
       7.26003360e-01, 6.79925573e-01, 6.32285553e-01, 5.89532867e-01,
       5.37626151e-01, 4.87244713e-01, 4.43498540e-01, 3.90904521e-01,
       3.45623922e-01, 3.02392756e-01, 2.59259060e-01, 2.45446796e-01,
       2.54965172e-01, 1.77406827e-01, 1.36665244e-01, 1.00063773e-01,
       7.83900605e-02, 5.38385368e-02, 3.54666830e-02, 2.53130845e-02,
       1.72424917e-02, 1.13379094e-02, 6.79080041e-03, 3.97890041e-03,
       1.86117230e-03, 8.14616262e-04, 2.30181042e-04, 7.93080329e-05,
       1.45675621e-05, 4.08440334e-07, 5.52738513e-06, 3.04005372e-05,
       8.07426071e-05, 1.58982460e-04, 2.47036332e-04, 3.69008107e-04,
       5.15273863e-04, 6.74584749e-04, 8.41356453e-04, 1.03093331e-03,
       1.23242348e-03, 1.44176652e-03, 1.66647944e-03, 1.88621650e-03,
       2.10477591e-03, 2.32993130e-03, 2.55608363e-03, 2.78587190e-03,
       3.00730036e-03, 3.23448660e-03, 3.45503341e-03, 3.67309774e-03,
       3.89451704e-03, 4.11703888e-03, 4.34115731e-03, 4.54880904e-03,
       4.74237676e-03, 4.95212323e-03, 5.14733857e-03, 5.34418409e-03,
       5.53788122e-03, 5.72249412e-03, 5.90741119e-03, 6.08574484e-03,
       6.26885982e-03, 6.45144312e-03, 6.60727064e-03, 6.76840671e-03,
       6.93038778e-03, 7.08518398e-03, 7.24583239e-03, 7.39703478e-03,
       7.55070162e-03, 7.68875759e-03, 7.82911004e-03, 7.96857203e-03,
       8.10265664e-03, 8.24410473e-03, 8.36705119e-03, 8.48920657e-03,
       8.61202936e-03, 8.73623774e-03, 8.84544518e-03, 8.96087548e-03,
       9.07728400e-03, 9.17764818e-03, 9.28172889e-03, 9.38654612e-03,
       9.48418305e-03, 9.58270226e-03, 9.67973818e-03, 9.77705793e-03,
       9.87252586e-03, 9.95384454e-03, 1.00521074e-02, 1.01289324e-02,
       1.02119070e-02, 1.02937293e-02, 1.03710406e-02, 1.04469718e-02,
       1.05232449e-02, 1.05973061e-02, 1.06671930e-02, 1.07382168e-02,
       1.08180855e-02, 1.08792578e-02, 1.09356469e-02, 1.10043150e-02,
       1.10709573e-02, 1.11298448e-02, 1.11860848e-02, 1.12423247e-02,
       1.12992874e-02, 1.13691479e-02, 1.14233901e-02, 1.14803493e-02,
       1.15314761e-02, 1.15801556e-02, 1.16301084e-02, 1.16755639e-02,
       1.17206961e-02, 1.17724451e-02, 1.18201002e-02, 1.18665557e-02,
       1.19139112e-02, 1.19618237e-02, 1.19986230e-02, 1.20310100e-02,
       1.20850137e-02]), array([1.23004542e-02, 1.20971884e-02, 1.19100128e-02, 1.18148760e-02,
       1.16137866e-02, 1.14272733e-02, 1.12988457e-02, 1.11178923e-02,
       1.09258720e-02, 1.07757581e-02, 1.05659510e-02, 1.03585677e-02,
       1.01486967e-02, 9.95761983e-03, 9.73218829e-03, 9.51253223e-03,
       9.30227444e-03, 9.08017109e-03, 8.88022552e-03, 8.73271224e-03,
       8.55760037e-03, 8.33969348e-03, 8.16220206e-03, 7.94570063e-03,
       7.76167555e-03, 7.55731510e-03, 7.36065227e-03, 7.15815105e-03,
       6.93565358e-03, 6.72275323e-03, 6.50884240e-03, 6.34902440e-03,
       6.18140687e-03, 5.97388252e-03, 5.77586097e-03, 5.57046142e-03,
       5.41493771e-03, 5.21355118e-03, 5.01890282e-03, 4.84114377e-03,
       4.68150491e-03, 4.49808096e-03, 4.32098232e-03, 4.15488840e-03,
       4.00415854e-03, 3.84118183e-03, 3.67543502e-03, 3.52522725e-03,
       3.37215802e-03, 3.21732654e-03, 3.07024640e-03, 2.93167555e-03,
       2.79998280e-03, 2.66662923e-03, 2.53818848e-03, 2.41801038e-03,
       2.30716332e-03, 2.19039010e-03, 2.08582761e-03, 1.97575416e-03,
       1.86921191e-03, 1.76779386e-03, 1.68145910e-03, 1.58949996e-03,
       1.49983308e-03, 1.41592993e-03, 1.33218859e-03, 1.25624587e-03,
       1.18185836e-03, 1.11212203e-03, 1.04399576e-03, 9.79838747e-04,
       9.19287911e-04, 8.59733469e-04, 8.05068534e-04, 7.47816921e-04,
       6.98269568e-04, 6.50020173e-04, 6.02986276e-04, 5.59724847e-04,
       5.19555208e-04, 4.81671769e-04, 4.43123701e-04, 4.07981003e-04,
       3.76291484e-04, 3.46873804e-04, 3.18373236e-04, 2.92433556e-04,
       2.66610694e-04, 2.43670999e-04, 2.22067296e-04, 2.02409198e-04,
       1.83133057e-04, 1.66187966e-04, 1.49495622e-04, 1.34823241e-04,
       1.20967674e-04, 1.08397054e-04, 9.63504614e-05, 8.53162576e-05,
       7.53722913e-05, 6.71947314e-05, 5.90471155e-05, 5.10392641e-05,
       4.45655486e-05, 3.89206396e-05, 3.30935968e-05, 2.74936483e-05,
       2.29809583e-05, 1.91318319e-05, 1.55320715e-05, 1.24242695e-05,
       9.95840639e-06, 7.79669830e-06, 5.98954255e-06, 4.47831119e-06,
       3.25382556e-06, 2.24056236e-06, 1.42981744e-06, 8.69321214e-07,
       4.38360832e-07, 1.86768802e-07, 3.00879275e-08, 2.24876956e-08,
       1.13093615e-07, 2.87403608e-07, 5.35693613e-07, 8.52984194e-07,
       1.22977595e-06, 1.65530064e-06, 2.06156302e-06, 2.56273176e-06,
       3.05438847e-06, 3.49464928e-06, 3.90885373e-06, 4.47267685e-06,
       5.04075576e-06, 5.67155158e-06, 5.97459370e-06, 6.54018061e-06,
       7.13349087e-06, 7.61510967e-06, 8.14909894e-06, 8.72832835e-06,
       9.29694413e-06, 9.81784979e-06, 1.04255166e-05, 1.10515150e-05,
       1.14598083e-05, 1.17227184e-05, 1.23027090e-05, 1.28395988e-05,
       1.32775486e-05, 1.37578768e-05, 1.40962779e-05, 1.45273304e-05,
       1.47849174e-05, 1.52465240e-05, 1.52511170e-05, 1.57850787e-05,
       1.59717191e-05, 1.60941373e-05, 1.61114867e-05, 1.65482153e-05,
       1.67770277e-05, 1.68492445e-05, 1.67065040e-05, 1.65810854e-05,
       1.67630801e-05, 1.67901670e-05, 1.65179170e-05, 1.56610815e-05,
       1.53903237e-05, 1.40795577e-05, 1.36884897e-05, 1.35610145e-05,
       1.37822314e-05, 1.38707632e-05, 1.40743351e-05, 1.42808694e-05,
       1.43268706e-05, 1.45240532e-05, 1.46674170e-05, 1.51198181e-05,
       1.53062025e-05, 1.50029148e-05, 1.53763604e-05, 1.63060151e-05,
       1.66574753e-05, 1.71046936e-05, 1.63989323e-05, 1.63632854e-05,
       1.67743728e-05, 1.76337086e-05, 1.59772427e-05, 1.70843048e-05,
       1.70316823e-05, 1.89325328e-05, 1.75308881e-05, 1.77311266e-05,
       1.97272938e-05]), array([1.58807028e-01, 1.58816218e-01, 1.58825784e-01, 1.58835230e-01,
       1.58844388e-01, 1.58851240e-01, 1.58857800e-01, 1.58865606e-01,
       1.58873090e-01, 1.58875791e-01, 1.58882646e-01, 1.58888258e-01,
       1.58894772e-01, 1.58900952e-01, 1.58903651e-01, 1.58907778e-01,
       1.58914285e-01, 1.58916907e-01, 1.58918072e-01, 1.58919404e-01,
       1.58922401e-01, 1.58923482e-01, 1.58929860e-01, 1.58930952e-01,
       1.58930686e-01, 1.58927473e-01, 1.58926750e-01, 1.58927612e-01,
       1.58926770e-01, 1.58939109e-01, 1.58935509e-01, 1.58932066e-01,
       1.59295465e-01, 1.59290099e-01, 1.59286470e-01, 1.59279834e-01,
       1.59272204e-01, 1.59265141e-01, 1.59257710e-01, 1.59247476e-01,
       1.59239108e-01, 1.59223596e-01, 1.59220084e-01, 1.59206095e-01,
       1.59192338e-01, 1.59185188e-01, 1.59195482e-01, 1.59171739e-01,
       1.59148942e-01, 1.59118051e-01, 1.59086920e-01, 1.59051072e-01,
       1.59009703e-01, 1.58964849e-01, 1.58934161e-01, 1.58920529e-01,
       1.58854292e-01, 1.58890324e-01, 1.58940825e-01, 1.58844481e-01,
       1.58738658e-01, 1.58620835e-01, 1.58672157e-01, 1.58529563e-01,
       1.58350276e-01, 1.58160823e-01, 1.57935645e-01, 1.58494099e-01,
       1.58267500e-01, 1.57961319e-01, 1.58113474e-01, 1.57735933e-01,
       1.57213038e-01, 1.56617910e-01, 1.56008477e-01, 1.55419735e-01,
       1.54566935e-01, 1.54328426e-01, 1.53123030e-01, 1.52543797e-01,
       1.51565152e-01, 1.49824090e-01, 1.48061586e-01, 1.46605963e-01,
       1.44336702e-01, 1.42210691e-01, 1.40213061e-01, 1.36882141e-01,
       1.33312780e-01, 1.29347770e-01, 1.25453462e-01, 1.20988468e-01,
       1.16115652e-01, 1.10664334e-01, 1.04734591e-01, 9.89498035e-02,
       9.70816167e-02, 9.02253173e-02, 8.28892146e-02, 7.50640404e-02,
       6.83929468e-02, 5.65787540e-02, 4.58155611e-02, 3.63660969e-02,
       2.80356436e-02, 2.07570348e-02, 1.47349073e-02, 1.01691080e-02,
       5.26675107e-03, 2.05747660e-03, 3.29226336e-04, 1.75844050e-04,
       2.94632110e-03, 9.17906444e-03, 1.94059430e-02, 3.31096064e-02,
       5.32197092e-02, 7.62049465e-02, 1.05868583e-01, 1.43747038e-01,
       1.82953107e-01, 2.29060352e-01, 2.83373485e-01, 3.41866592e-01,
       4.15139424e-01, 5.01609824e-01, 5.91059308e-01, 7.06580897e-01,
       8.46380545e-01, 1.01069567e+00, 1.20119429e+00, 1.41761329e+00,
       1.65974770e+00, 1.93362882e+00, 2.25452027e+00, 2.55381570e+00,
       2.90028938e+00, 3.26707937e+00, 3.65870117e+00, 4.07218616e+00,
       4.49630502e+00, 4.92947200e+00, 5.38170187e+00, 5.83235345e+00,
       6.29567608e+00, 6.77239959e+00, 7.24265169e+00, 7.72274525e+00,
       8.20694072e+00, 8.68392602e+00, 9.16820190e+00, 9.66573682e+00,
       1.01922595e+01, 1.06341371e+01, 1.10371381e+01, 1.14248592e+01,
       1.18381254e+01, 1.22390835e+01, 1.25993245e+01, 1.29618562e+01,
       1.33159687e+01, 1.36506591e+01, 1.39692711e+01, 1.42567830e+01,
       1.45428776e+01, 1.48149758e+01, 1.50526608e+01, 1.52921177e+01,
       1.55142855e+01, 1.57205435e+01, 1.59087322e+01, 1.60835756e+01,
       1.62490868e+01, 1.64000597e+01, 1.65433569e+01, 1.66769645e+01,
       1.67977883e+01, 1.69106189e+01, 1.69748555e+01, 1.70707516e+01,
       1.71628189e+01, 1.72512304e+01, 1.73354698e+01, 1.74167409e+01,
       1.74934450e+01, 1.75675641e+01, 1.76370738e+01, 1.77038917e+01,
       1.77656239e+01, 1.78232657e+01, 1.78765385e+01, 1.79258752e+01,
       1.79703184e+01, 1.80131313e+01, 1.80517400e+01, 1.80870839e+01,
       1.81185654e+01, 1.81486373e+01, 1.81722871e+01, 1.81968758e+01,
       1.82189677e+01]), array([7.79495692e-04, 7.50432073e-04, 7.27443775e-04, 7.05356915e-04,
       6.80004364e-04, 6.59230994e-04, 6.32716623e-04, 6.07315787e-04,
       5.83049049e-04, 5.59049788e-04, 5.35589109e-04, 5.13844281e-04,
       4.90722935e-04, 4.69763739e-04, 4.49479979e-04, 4.30829608e-04,
       4.12550127e-04, 3.93449043e-04, 3.78199573e-04, 3.58260376e-04,
       3.42681897e-04, 3.27812032e-04, 3.11826318e-04, 2.99344466e-04,
       2.84139261e-04, 2.72551629e-04, 2.60760484e-04, 2.52932747e-04,
       2.40951854e-04, 2.28759407e-04, 2.16984528e-04, 2.07111021e-04,
       1.95862721e-04, 1.84389335e-04, 1.75873718e-04, 1.65892219e-04,
       1.58207941e-04, 1.49359215e-04, 1.41805294e-04, 1.36128863e-04,
       1.27497240e-04, 1.21697017e-04, 1.14166542e-04, 1.07763493e-04,
       1.02307355e-04, 9.67746499e-05, 9.13103789e-05, 8.58835132e-05,
       8.07830861e-05, 7.56874363e-05, 7.30087343e-05, 6.88193611e-05,
       6.53762643e-05, 6.11048775e-05, 5.75920057e-05, 5.40888505e-05,
       5.09538219e-05, 4.76013971e-05, 4.42254033e-05, 4.13555899e-05,
       3.88746930e-05, 3.62318530e-05, 3.44241846e-05, 3.23063773e-05,
       3.03937639e-05, 2.81842693e-05, 2.65001953e-05, 2.47844259e-05,
       2.31635867e-05, 2.13841694e-05, 2.04513867e-05, 1.93234862e-05,
       1.75164349e-05, 1.62920664e-05, 1.50755307e-05, 1.38948576e-05,
       1.23911023e-05, 1.16225711e-05, 1.03301106e-05, 9.45080882e-06,
       8.64792761e-06, 7.93366669e-06, 7.25020020e-06, 6.63464361e-06,
       6.43657856e-06, 5.77814653e-06, 5.35480772e-06, 4.58868424e-06,
       4.16671734e-06, 3.73526111e-06, 3.38254971e-06, 3.22924337e-06,
       3.03212104e-06, 2.63619981e-06, 2.46785561e-06, 2.11229809e-06,
       1.85477193e-06, 1.74412763e-06, 1.90014179e-06, 1.58184388e-06,
       1.88216725e-06, 9.95374103e-07, 7.39839911e-07, 5.96538255e-07,
       5.00206380e-07, 3.79655947e-07, 5.16920010e-07, 4.49314887e-07,
       4.23358612e-07, 4.05891867e-07, 2.68200778e-07, 1.92998932e-07,
       1.20675207e-07, 1.21525055e-07, 1.09384724e-07, 2.38098180e-08,
       1.13310606e-07, 1.73700092e-07, 7.39285899e-07, 1.22340335e-06,
       9.51415563e-07, 8.52801067e-07, 1.22925553e-06, 2.12773747e-06,
       2.83507834e-06, 3.31790086e-06, 1.57416897e-06, 1.87469727e-06,
       2.34748319e-06, 3.31993332e-06, 3.82055249e-06, 4.19288232e-06,
       4.50022753e-06, 9.12487097e-06, 9.78011328e-06, 7.48071443e-06,
       1.21439671e-05, 1.09154440e-05, 2.51955468e-05, 2.28708739e-05,
       9.03770018e-06, 2.62138472e-05, 3.12166782e-05, 6.75501343e-05,
       8.62566183e-05, 1.37786917e-04, 1.98569039e-04, 2.60812589e-04,
       3.67490873e-04, 4.43082942e-04, 5.46657569e-04, 5.23579491e-04,
       6.35113647e-04, 7.51875699e-04, 8.83173211e-04, 1.01215733e-03,
       1.14785652e-03, 1.30891691e-03, 1.46169982e-03, 1.63626357e-03,
       1.77463918e-03, 1.82313102e-03, 1.97529738e-03, 2.12606632e-03,
       2.27216107e-03, 2.29318528e-03, 2.43177559e-03, 2.57241079e-03,
       2.71397170e-03, 2.84435196e-03, 2.87466182e-03, 3.01570373e-03,
       2.94702878e-03, 2.94544232e-03, 8.48082668e-05, 5.91403537e-05,
       4.01403568e-05, 3.06373205e-05, 2.97814755e-05, 3.01670672e-05,
       3.04587401e-05, 3.00593860e-05, 3.02791911e-05, 2.99250429e-05,
       3.01642434e-05, 3.05398240e-05, 3.06655522e-05, 2.98811654e-05,
       2.96225877e-05, 2.96072841e-05, 3.04824542e-05, 2.93654731e-05,
       2.91494451e-05, 2.91698758e-05, 2.81626039e-05, 2.72001515e-05,
       2.64521406e-05, 2.56475252e-05, 2.52919132e-05, 2.49805112e-05,
       2.72831188e-05]), array([7.11849377e-07, 6.88838479e-07, 6.70636879e-07, 6.50182297e-07,
       6.36962402e-07, 6.20648945e-07, 6.07017653e-07, 5.92920309e-07,
       5.83697248e-07, 5.66920286e-07, 5.57756915e-07, 5.41298925e-07,
       5.36134018e-07, 5.26672475e-07, 5.08373286e-07, 4.88913865e-07,
       4.71072651e-07, 4.61681643e-07, 4.46750427e-07, 4.32748505e-07,
       4.20482487e-07, 4.07545258e-07, 3.96025337e-07, 3.87078282e-07,
       3.75329974e-07, 3.62791082e-07, 3.50728880e-07, 3.38476241e-07,
       3.28977127e-07, 3.17629931e-07, 3.08174307e-07, 3.01128667e-07,
       2.93307035e-07, 2.84299641e-07, 2.76385131e-07, 2.69447806e-07,
       2.62853894e-07, 2.47207206e-07, 2.38202156e-07, 2.28391699e-07,
       2.17921997e-07, 2.11172596e-07, 2.03236065e-07, 1.94903614e-07,
       1.88971174e-07, 1.82061611e-07, 1.75547790e-07, 1.70244236e-07,
       1.60003237e-07, 1.53287842e-07, 1.47120077e-07, 1.43040637e-07,
       1.34757953e-07, 1.28838469e-07, 1.24396519e-07, 1.17228719e-07,
       1.13285956e-07, 1.07084709e-07, 1.02194575e-07, 9.83533613e-08,
       9.27338366e-08, 8.67067256e-08, 8.24859005e-08, 7.74658949e-08,
       7.57969364e-08, 7.12567663e-08, 6.67706196e-08, 6.29049385e-08,
       5.88422576e-08, 5.49037302e-08, 5.10076596e-08, 4.89478844e-08,
       4.47067121e-08, 4.08349860e-08, 3.70292242e-08, 3.36030585e-08,
       3.18800102e-08, 2.89810702e-08, 2.64624056e-08, 2.30875754e-08,
       2.12228861e-08, 1.95771784e-08, 1.70484141e-08, 1.52624560e-08,
       1.36435832e-08, 1.28473024e-08, 1.12833212e-08, 9.28060010e-09,
       8.36426316e-09, 7.06706948e-09, 5.52075648e-09, 4.66608386e-09,
       3.56978672e-09, 2.94130435e-09, 1.96910619e-09, 1.74098923e-09,
       1.31575327e-09, 5.79569357e-10, 5.95302660e-10, 4.12387170e-10,
       1.34158625e-10, 1.79564674e-10, 3.94385770e-10, 5.51717487e-10,
       8.60123990e-10, 1.27495484e-09, 1.84201492e-09, 2.40155145e-09,
       3.02743664e-09, 4.04022866e-09, 4.92510634e-09, 5.57692571e-09,
       6.73003851e-09, 8.22144939e-09, 9.07660920e-09, 1.05157676e-08,
       1.19793282e-08, 1.32455158e-08, 1.49148397e-08, 1.65834566e-08,
       1.84326991e-08, 2.00759318e-08, 2.20296772e-08, 2.43702232e-08,
       2.61121522e-08, 2.82476828e-08, 3.06774528e-08, 3.30375867e-08,
       3.54400627e-08, 3.75915934e-08, 3.95697057e-08, 4.41459619e-08,
       4.93616321e-08, 5.05175686e-08, 5.29967139e-08, 5.39453822e-08,
       5.71200262e-08, 6.07131289e-08, 6.23536269e-08, 6.53599618e-08,
       6.87024048e-08, 7.17997649e-08, 7.54595803e-08, 7.83626491e-08,
       8.28344707e-08, 8.53027578e-08, 8.86588601e-08, 9.30219097e-08,
       9.68966830e-08, 9.98102116e-08, 1.04203520e-07, 1.07885744e-07,
       1.11175812e-07, 1.17755907e-07, 1.21506242e-07, 1.23263635e-07,
       1.28230883e-07, 1.33451068e-07, 1.36571434e-07, 1.44536966e-07,
       1.46551529e-07, 1.53351554e-07, 1.55834998e-07, 1.58350591e-07,
       1.63381351e-07, 1.67135852e-07, 1.71311770e-07, 1.78270369e-07,
       1.87817245e-07, 1.91633570e-07, 1.90678919e-07, 1.95822596e-07,
       2.00576595e-07, 2.05212883e-07, 2.12868560e-07, 2.23782359e-07,
       2.24362197e-07, 2.30052491e-07, 2.43752203e-07, 2.36809039e-07,
       2.41450563e-07, 2.45634322e-07, 2.51684382e-07, 2.56944322e-07,
       2.62426965e-07, 2.67508669e-07, 2.75603556e-07, 2.79650201e-07,
       2.84804822e-07, 2.99289627e-07, 2.99116952e-07, 3.04088604e-07,
       3.09971086e-07, 3.15647755e-07, 3.19300037e-07, 3.25714394e-07,
       3.31701234e-07, 3.41871175e-07, 3.42809124e-07, 3.48044977e-07,
       3.64141472e-07]), array([4.01104778e+00, 3.93723436e+00, 3.86677077e+00, 3.80045461e+00,
       3.74807603e+00, 3.68388031e+00, 3.62331457e+00, 3.57902301e+00,
       3.52347916e+00, 3.55847321e+00, 3.49719614e+00, 3.44402556e+00,
       3.39156935e+00, 3.34338640e+00, 3.29333246e+00, 3.24564416e+00,
       3.20297352e+00, 3.15871187e+00, 3.11649657e+00, 3.07827221e+00,
       3.06968785e+00, 3.02647494e+00, 2.98337321e+00, 2.94352042e+00,
       2.90449532e+00, 2.87027342e+00, 2.84262010e+00, 2.80752784e+00,
       2.79097990e+00, 2.75269211e+00, 2.71056556e+00, 2.67036105e+00,
       2.63585681e+00, 2.59654838e+00, 2.56150217e+00, 2.53788643e+00,
       2.50888606e+00, 2.46432770e+00, 2.42085417e+00, 2.38615670e+00,
       2.34558045e+00, 2.30258009e+00, 2.26338576e+00, 2.22754687e+00,
       2.19195194e+00, 2.15392236e+00, 2.11489944e+00, 2.07604309e+00,
       2.03650154e+00, 2.00419062e+00, 1.97283392e+00, 1.94057859e+00,
       1.90371950e+00, 1.86283684e+00, 1.82418746e+00, 1.78267397e+00,
       1.74294456e+00, 1.69857611e+00, 1.65495009e+00, 1.61149361e+00,
       1.56654759e+00, 1.52095152e+00, 1.47422337e+00, 1.42735553e+00,
       1.37973683e+00, 1.33174922e+00, 1.28293977e+00, 1.23364281e+00,
       1.18379734e+00, 1.13429895e+00, 1.08306369e+00, 1.03283768e+00,
       9.81992129e-01, 9.30746710e-01, 8.79473709e-01, 8.28538551e-01,
       7.77895154e-01, 7.27167351e-01, 6.76972996e-01, 6.25912013e-01,
       5.75786956e-01, 5.27060645e-01, 4.78781160e-01, 4.31749994e-01,
       3.86247176e-01, 3.42425628e-01, 2.99855895e-01, 2.59622916e-01,
       2.21207899e-01, 1.85911864e-01, 1.52916754e-01, 1.22860842e-01,
       9.61690668e-02, 7.28313237e-02, 5.28786114e-02, 3.62169479e-02,
       2.27952464e-02, 1.23801889e-02, 5.37877466e-03, 1.32132578e-03,
       1.34158625e-10, 1.22962524e-03, 4.74081009e-03, 1.03475421e-02,
       1.78079256e-02, 2.70254463e-02, 3.77541933e-02, 4.94917861e-02,
       6.31113526e-02, 7.81884372e-02, 9.36786367e-02, 1.10341148e-01,
       1.28341435e-01, 1.46908353e-01, 1.66829121e-01, 1.87741407e-01,
       2.09051947e-01, 2.31817400e-01, 2.55156340e-01, 2.79567982e-01,
       3.05158637e-01, 3.31718040e-01, 3.58081177e-01, 3.85475548e-01,
       4.11762257e-01, 4.37077737e-01, 4.61442078e-01, 4.85808407e-01,
       5.10174128e-01, 5.35272789e-01, 5.59806807e-01, 5.85029888e-01,
       6.10570750e-01, 6.37261733e-01, 6.63644533e-01, 6.88548815e-01,
       7.16001553e-01, 7.43560791e-01, 7.71529525e-01, 7.98967768e-01,
       8.27211794e-01, 8.55371794e-01, 8.83477017e-01, 9.11159484e-01,
       9.38643725e-01, 9.65763743e-01, 9.92642821e-01, 1.01850518e+00,
       1.04455526e+00, 1.06878572e+00, 1.09305643e+00, 1.11604313e+00,
       1.13801055e+00, 1.15858239e+00, 1.17833789e+00, 1.19751363e+00,
       1.21485178e+00, 1.23114999e+00, 1.24300077e+00, 1.25652029e+00,
       1.26820387e+00, 1.28031018e+00, 1.29290504e+00, 1.30557348e+00,
       1.31757679e+00, 1.32897996e+00, 1.33863641e+00, 1.34944240e+00,
       1.35991799e+00, 1.37100422e+00, 1.38210696e+00, 1.39297668e+00,
       1.40377484e+00, 1.41504070e+00, 1.42481340e+00, 1.43527690e+00,
       1.44592130e+00, 1.45703620e+00, 1.46848564e+00, 1.47327195e+00,
       1.48427475e+00, 1.49568103e+00, 1.50784345e+00, 1.51686711e+00,
       1.52835602e+00, 1.54040201e+00, 1.55114315e+00, 1.56328094e+00,
       1.57573572e+00, 1.58481084e+00, 1.59863755e+00, 1.60812584e+00,
       1.62355410e+00, 1.63340389e+00, 1.64370675e+00, 1.65699671e+00,
       1.67261740e+00, 1.68367472e+00, 1.69871487e+00, 1.71257483e+00,
       1.73119047e+00]), array([2.04157957e-02, 1.96845246e-02, 1.91722559e-02, 1.94355948e-02,
       1.87723589e-02, 1.84495823e-02, 1.83480721e-02, 1.80255440e-02,
       1.80196370e-02, 1.78652890e-02, 1.82007129e-02, 1.79230215e-02,
       1.77433840e-02, 1.77112365e-02, 1.78037446e-02, 1.76914174e-02,
       1.76016546e-02, 1.75195916e-02, 1.74689027e-02, 1.74881622e-02,
       1.74153312e-02, 1.73327361e-02, 1.73353042e-02, 1.72197345e-02,
       1.70302452e-02, 1.68146974e-02, 1.66074351e-02, 1.64308751e-02,
       1.62471605e-02, 1.60119998e-02, 1.57605530e-02, 1.54647228e-02,
       1.51987747e-02, 1.48819026e-02, 1.46070545e-02, 1.42884379e-02,
       1.40211575e-02, 1.37310842e-02, 1.34105391e-02, 1.30916791e-02,
       1.27426491e-02, 1.24459232e-02, 1.21167895e-02, 1.17930537e-02,
       1.14729799e-02, 1.11407200e-02, 1.08048639e-02, 1.05167197e-02,
       1.02211279e-02, 9.91224496e-03, 9.60400142e-03, 9.30419824e-03,
       8.99952452e-03, 8.71305826e-03, 8.42614943e-03, 8.13230863e-03,
       7.84692114e-03, 7.56748816e-03, 7.29984727e-03, 7.02736991e-03,
       6.76640781e-03, 6.50638514e-03, 6.25641177e-03, 6.01145954e-03,
       5.77481777e-03, 5.54159125e-03, 5.31059313e-03, 5.08343282e-03,
       4.87657424e-03, 4.67152741e-03, 4.47257769e-03, 4.27092400e-03,
       4.07378052e-03, 3.89295941e-03, 3.71498168e-03, 3.54920145e-03,
       3.38005360e-03, 3.22521824e-03, 3.06833363e-03, 2.91329208e-03,
       2.76609800e-03, 2.62421300e-03, 2.49448262e-03, 2.37412304e-03,
       2.24961751e-03, 2.13925980e-03, 2.02542463e-03, 1.92364615e-03,
       1.81479049e-03, 1.73495289e-03, 1.64517480e-03, 1.55946251e-03,
       1.46919774e-03, 1.40642088e-03, 1.32705549e-03, 1.25294912e-03,
       1.18494841e-03, 1.11417648e-03, 1.06117998e-03, 1.00289468e-03,
       9.39310032e-04, 8.51639032e-04, 7.75220576e-04, 6.52530205e-04,
       5.91606813e-04, 5.16135241e-04, 4.76124035e-04, 4.37773797e-04,
       4.01346593e-04, 3.65371751e-04, 3.32586869e-04, 3.00382318e-04,
       2.73110293e-04, 2.45156391e-04, 2.20068230e-04, 1.97452968e-04,
       1.77694805e-04, 1.59273901e-04, 1.43108863e-04, 1.26046637e-04,
       1.10446568e-04, 9.67235345e-05, 8.37434606e-05, 7.28708470e-05,
       6.22910505e-05, 5.40819175e-05, 4.59597939e-05, 3.87222642e-05,
       3.21000999e-05, 2.53830814e-05, 2.03090671e-05, 1.60103612e-05,
       1.24256446e-05, 8.93592609e-06, 6.41028847e-06, 4.55263830e-06,
       3.31340298e-06, 2.50179528e-06, 1.41729686e-06, 8.23514461e-07,
       5.89568994e-07, 1.07134434e-06, 2.01208162e-06, 3.09634319e-06,
       4.58708544e-06, 5.32549489e-06, 6.62514334e-06, 8.85638493e-06,
       9.83292884e-06, 1.17647456e-05, 1.32083817e-05, 1.57179949e-05,
       1.84944794e-05, 2.13807397e-05, 2.45660236e-05, 2.60667244e-05,
       2.93895918e-05, 3.16345082e-05, 3.47216494e-05, 3.74702759e-05,
       3.96200180e-05, 4.16855762e-05, 3.78405609e-05, 4.20622387e-05,
       4.07826370e-05, 4.34496946e-05, 4.61310806e-05, 4.97597305e-05,
       5.13585782e-05, 5.42330909e-05, 4.37292092e-05, 4.52688832e-05,
       4.22862589e-05, 4.69041317e-05, 2.02283496e-05, 2.31687745e-05,
       2.47644682e-05, 2.50918412e-05, 2.79943301e-05, 2.16451686e-05,
       2.01620215e-05, 1.85558232e-05, 1.71903842e-05, 1.78525699e-05,
       1.82593943e-05, 1.97319974e-05, 1.69509145e-05, 1.62335029e-05,
       1.59393066e-05, 1.67235379e-05, 1.81015812e-05, 1.84027396e-05,
       2.38484994e-05, 2.01104460e-05, 2.51337615e-05, 2.41011936e-05,
       3.25725892e-05, 4.27268026e-05, 5.32708503e-05, 6.33992907e-05,
       7.30315386e-05])]
par_save: [array([[-6.20274949, -6.18207366, -6.16139783, ..., -2.10893483,
        -2.088259  , -2.06758316],
       [-2.24848784, -2.26066947, -2.25796684, ..., -0.74896168,
        -0.75260754, -0.76302747],
       [-3.59952018, -3.59269116, -3.59270355, ..., -4.39043741,
        -4.38700911, -4.39563968],
       ...,
       [ 1.04559181,  1.03267322,  1.0307396 , ..., -1.71275689,
        -1.67826683, -1.77673796],
       [-3.06458166, -3.06625954, -3.05819096, ..., -3.68964034,
        -3.6903677 , -3.68846846],
       [12.77826125, 12.77979748, 12.77804636, ...,  9.68288202,
         9.66947321,  9.68520747]]), array([[-4.14121918, -4.14135348, -4.14141053, ..., -3.99154615,
        -3.98649774, -3.98115188],
       [-2.75922038, -2.75002298, -2.74082558, ..., -0.93813493,
        -0.92893753, -0.91974013],
       [-3.62140829, -3.62143325, -3.62161063, ..., -3.7574487 ,
        -3.76250231, -3.76761588],
       ...,
       [-0.38915954, -0.38947909, -0.38868931, ...,  0.73996676,
         0.73644085,  0.7335829 ],
       [-3.44105483, -3.44133675, -3.44150837, ..., -3.45548883,
        -3.45697499, -3.45742851],
       [12.78008793, 12.78004844, 12.77992117, ..., 11.60330886,
        11.61018479, 11.62760242]]), array([[-1.83258448, -1.83258918, -1.83273587, ..., -4.09531956,
        -4.07130581, -4.05143247],
       [-0.16213171, -0.21003621, -0.04854483, ..., -2.69404645,
        -2.7073867 , -2.71269987],
       [-5.44026568, -5.42213146, -5.40399724, ..., -1.84969033,
        -1.83155611, -1.81342189],
       ...,
       [ 0.8041738 ,  0.76828386,  0.68675135, ...,  0.3645906 ,
         0.37144508,  0.27772515],
       [-3.82088881, -3.80812443, -3.80154227, ..., -3.10758903,
        -3.07797005, -3.05935712],
       [12.39215557, 12.3865055 , 12.36816832, ..., 12.78002339,
        12.77978578, 12.77771048]]), array([[-2.77711411, -2.77711271, -2.7771137 , ..., -4.82841122,
        -4.83664418, -4.85972381],
       [-1.96352405, -1.96352711, -1.96351981, ..., -0.09271012,
        -0.15271699, -0.32290055],
       [-3.12585252, -3.12585093, -3.12584385, ..., -4.21858364,
        -4.21590976, -4.20106989],
       ...,
       [-6.47425962, -6.47425224, -6.47425955, ..., -6.05643251,
        -6.05526309, -6.05643715],
       [-3.71087997, -3.7108797 , -3.71086976, ..., -1.91689014,
        -1.90884283, -1.88107499],
       [12.08157192, 12.08157121, 12.08157065, ..., 11.57290994,
        11.58150704, 11.57753601]]), array([[-4.21453392e+00, -4.20581651e+00, -4.20552515e+00, ...,
        -4.01789989e+00, -4.01830149e+00, -4.01606696e+00],
       [-2.43944176e+00, -2.49949102e+00, -2.52604510e+00, ...,
        -9.99449445e-01, -9.94289069e-01, -9.97834746e-01],
       [-3.46915182e+00, -3.47386193e+00, -3.47536800e+00, ...,
        -3.81257615e+00, -3.81474429e+00, -3.81828380e+00],
       ...,
       [ 5.29332637e-06, -9.12676864e-04,  1.54661235e-03, ...,
        -3.89730777e+00, -3.93944200e+00, -4.17488836e+00],
       [-3.43785214e+00, -3.46033505e+00, -3.46161992e+00, ...,
        -3.44836195e+00, -3.44455712e+00, -3.44370304e+00],
       [ 1.11436845e+01,  1.14845247e+01,  1.16192681e+01, ...,
         9.36876769e+00,  9.36510292e+00,  9.30422584e+00]]), array([[-4.1559732 , -4.15574127, -4.15512929, ..., -4.13995787,
        -4.12813347, -4.13278626],
       [-3.56694161, -3.57657134, -3.5767701 , ..., -2.86241794,
        -2.85117891, -2.86336762],
       [-3.65806119, -3.65785169, -3.65771171, ..., -3.64825136,
        -3.6606417 , -3.6563502 ],
       ...,
       [ 1.60847577,  1.60111684,  1.60144785, ..., -2.53577278,
        -2.60930336, -1.5676221 ],
       [-3.54776279, -3.54690975, -3.54802803, ..., -3.59717911,
        -3.60159726, -3.60302804],
       [12.78006348, 12.78009585, 12.77978984, ..., 12.75973864,
        12.69536187, 12.69479492]]), array([[-4.17762778, -4.17743066, -4.17742863, ..., -2.10114678,
        -2.12954758, -2.04646103],
       [-2.55887808, -2.56167332, -2.56166797, ...,  0.16368774,
         0.16792979,  0.20200064],
       [-3.58632449, -3.58639095, -3.58640888, ..., -5.5922264 ,
        -5.5830591 , -5.59495096],
       ...,
       [-0.36588642, -0.36683746, -0.36675385, ..., -6.18340256,
        -6.18333008, -6.19088176],
       [-3.43540458, -3.43525337, -3.43523573, ..., -1.34346106,
        -1.3422512 , -1.28931575],
       [10.802636  , 10.80016561, 10.80018297, ..., 11.05037802,
        11.07175135, 11.12855201]]), array([[-3.983664  , -3.98415836, -3.98648012, ..., -4.12304683,
        -4.12246901, -4.12422482],
       [-2.54723943, -2.50305258, -2.50589259, ..., -1.1915399 ,
        -1.18825094, -1.18939199],
       [-3.75094455, -3.75106427, -3.74821783, ..., -3.61508107,
        -3.61595406, -3.6131919 ],
       ...,
       [-1.03946718, -1.10732547, -1.11029256, ...,  0.13056659,
         0.194591  ,  0.17681174],
       [-3.40018017, -3.40118181, -3.4010101 , ..., -3.42342618,
        -3.42527943, -3.4239161 ],
       [ 8.23909649,  8.07258808,  8.06908787, ..., 11.58023311,
        11.53829146, 11.51961381]]), array([[-4.40371402, -4.40251045, -4.40262346, ..., -4.09199217,
        -4.09085067, -4.09224897],
       [-1.8778179 , -1.87775786, -1.8775557 , ..., -1.14081559,
        -1.13804183, -1.14118203],
       [-3.97125367, -3.97024736, -3.96998945, ..., -3.65467302,
        -3.65595529, -3.65387444],
       ...,
       [ 1.60519069,  1.60588821,  1.60751734, ..., -0.67411296,
        -0.70009169, -0.71259926],
       [-3.27572049, -3.27502102, -3.27206313, ..., -3.43114755,
        -3.43137209, -3.43035041],
       [12.78021319, 12.78021319, 12.78021307, ...,  9.45473863,
         9.45138618,  9.44717926]]), array([[-4.09517885, -4.09466941, -4.09510492, ..., -4.13373664,
        -4.13354314, -4.13324403],
       [-1.98154293, -1.97824417, -1.97554909, ..., -1.68989095,
        -1.68883165, -1.68043077],
       [-3.64330611, -3.64380634, -3.64422072, ..., -3.62765347,
        -3.62783245, -3.62799208],
       ...,
       [-0.43979774, -0.39836951, -0.42320799, ..., -1.3375969 ,
        -1.33413114, -1.32897981],
       [-3.41326298, -3.41492049, -3.41528768, ..., -3.44260189,
        -3.44263795, -3.44260721],
       [ 7.37856227,  7.38981611,  7.40849936, ..., 12.4427995 ,
        12.47107767, 12.48844078]]), array([[-4.0117249 , -4.01171969, -4.01171969, ..., -4.18138626,
        -4.18250704, -4.18191657],
       [-1.05179075, -1.05179531, -1.05179531, ..., -3.57342386,
        -3.57402256, -3.57385654],
       [-3.67875293, -3.67874833, -3.67874833, ..., -3.67267529,
        -3.67145067, -3.6712024 ],
       ...,
       [ 0.40654617,  0.40655013,  0.40655013, ...,  1.6079164 ,
         1.60911425,  1.60904602],
       [-3.38543962, -3.3854392 , -3.3854392 , ..., -3.50464171,
        -3.50771924, -3.51074964],
       [ 9.07854628,  9.07855193,  9.07855193, ..., 12.77979674,
        12.77953177, 12.77859353]]), array([[-4.14549517, -4.1453833 , -4.1452322 , ..., -4.13262547,
        -4.13241091, -4.13272087],
       [-1.90570292, -1.90472087, -1.90191772, ..., -1.73310992,
        -1.72759334, -1.74245554],
       [-3.61963532, -3.61969501, -3.61984254, ..., -3.6284698 ,
        -3.62861565, -3.62839951],
       ...,
       [-3.35778864, -3.34136374, -3.32166181, ...,  1.511684  ,
         1.54093825,  1.55332718],
       [-3.44352311, -3.44350074, -3.4434983 , ..., -3.44224873,
        -3.44224877, -3.44213777],
       [12.08155581, 12.07120643, 11.98346086, ..., 11.08155241,
        11.07012371, 11.06566345]]), array([[-4.13556547, -4.13552559, -4.13551893, ..., -4.13495283,
        -4.13494712, -4.13495693],
       [-1.82979754, -1.82944049, -1.8289659 , ..., -1.84878226,
        -1.84850098, -1.8503838 ],
       [-3.62655735, -3.62658929, -3.62658813, ..., -3.6270041 ,
        -3.62700408, -3.62700034],
       ...,
       [-1.03972076, -1.03625502, -1.03278928, ..., -0.35350506,
        -0.35003932, -0.34657359],
       [-3.44214076, -3.4421421 , -3.44212727, ..., -3.441948  ,
        -3.44194463, -3.44193503],
       [10.55808094, 10.55367703, 10.55148768, ..., 10.43702581,
        10.43668143, 10.43037532]]), array([[-3.89224237e+00, -3.89237495e+00, -3.89243408e+00, ...,
        -4.62596976e+00, -4.62605186e+00, -4.62586284e+00],
       [-2.67269788e+00, -2.67234711e+00, -2.67218198e+00, ...,
        -2.39991024e+00, -2.39962529e+00, -2.39977521e+00],
       [-3.83384298e+00, -3.83386421e+00, -3.83388183e+00, ...,
        -3.29835859e+00, -3.29927455e+00, -3.29920905e+00],
       ...,
       [-6.25192066e-03, -7.63317706e-03, -5.24154448e-03, ...,
        -2.86083576e-05,  2.20102475e-03,  1.98382152e-03],
       [-5.16302929e+00, -5.14581919e+00, -5.12860910e+00, ...,
        -1.75542996e+00, -1.73821986e+00, -1.72100976e+00],
       [ 1.27794822e+01,  1.27795741e+01,  1.27796211e+01, ...,
         1.24616732e+01,  1.24618830e+01,  1.24618384e+01]]), array([[-4.03771363, -4.03803191, -4.04041974, ..., -4.13830045,
        -4.13876129, -4.13921016],
       [-1.60525094, -1.60592705, -1.61277443, ..., -1.80452827,
        -1.82268243, -1.84022268],
       [-3.65959815, -3.66249387, -3.66268139, ..., -3.62444745,
        -3.62417333, -3.62385626],
       ...,
       [-0.37647193, -0.38312541, -0.37978974, ..., -1.49783736,
        -1.50519242, -1.51808397],
       [-3.38332154, -3.38387666, -3.3829485 , ..., -3.44297708,
        -3.44305226, -3.44308949],
       [ 5.23884113,  5.27654826,  5.31425539, ..., 12.70485309,
        12.74256023, 12.78026736]])]
param_global_all: [-4.135166327997315, -1.8394802538357142, -3.626843783789963, 7.272398321185199, 4.3820266396566065, 6.856462042602374, -20.287594883553474, -3.5301677726483156, 4.7184990427666165, 7.3456875815007505, 5.703782255704697, 6.214608056704395, -0.6931471707863408, -3.442019527933632, 10.477682261152946]
paramIds: [33, 12, 36, 43, 32, 39, 7, 16, 31, 15, 37, 9, 8, 28, 14]
t_data: [ 0.  1.  2.  3.  4.  5.  6.  7.  8.  9. 10. 11. 12. 13. 14. 15. 16. 17.
 18. 19. 20. 21. 22. 23. 24.]
y_data: [[ 15.73028492   1.38649737]
 [ 47.42749054   4.11988389]
 [ 83.79862073  22.71788566]
 [ 83.62144843  29.356322  ]
 [ 65.23685841  21.67892714]
 [ 44.83052941  11.79997721]
 [ 31.49333922   5.65547228]
 [114.15688805  18.4239462 ]
 [ 71.7898397   22.96852683]
 [ 40.680637    10.48477845]
 [ 69.81886998   7.19754526]
 [ 78.43051002  18.11562026]
 [ 44.43917334  10.43989028]
 [ 34.55003837   4.76545161]
 [ 63.6388566    7.68670731]
 [ 42.30710876   7.17863625]
 [ 26.03374187   3.52992361]
 [ 29.84288125   2.17976523]
 [ 34.45336775   3.1994973 ]
 [ 22.9095792    2.28025833]
 [ 19.80993402   1.3389714 ]
 [ 29.00066627   1.87603302]
 [ 22.58752749   1.89388967]
 [ 19.6144252    1.31219919]
 [ 26.8036156    1.72462364]]
